pt\ulisboa\tecnico\distsys\ttt\TTTGrpc$2.class
pt\ulisboa\tecnico\distsys\ttt\TTTGrpc$MethodHandlers.class
pt\ulisboa\tecnico\distsys\ttt\TTTGrpc$TTTImplBase.class
pt\ulisboa\tecnico\distsys\ttt\TTTGrpc$TTTFileDescriptorSupplier.class
pt\ulisboa\tecnico\distsys\ttt\PlayRequest$Builder.class
pt\ulisboa\tecnico\distsys\ttt\InfoResponse.class
pt\ulisboa\tecnico\distsys\ttt\InfoResponse$1.class
pt\ulisboa\tecnico\distsys\ttt\InfoRequestOrBuilder.class
pt\ulisboa\tecnico\distsys\ttt\PlayResponseOrBuilder.class
pt\ulisboa\tecnico\distsys\ttt\CheckWinnerRequest$Builder.class
pt\ulisboa\tecnico\distsys\ttt\CurrentBoardRequest.class
pt\ulisboa\tecnico\distsys\ttt\TTTGrpc$TTTMethodDescriptorSupplier.class
pt\ulisboa\tecnico\distsys\ttt\TTTGrpc.class
pt\ulisboa\tecnico\distsys\ttt\CheckWinnerResponse.class
pt\ulisboa\tecnico\distsys\ttt\CurrentBoardRequest$Builder.class
pt\ulisboa\tecnico\distsys\ttt\CheckWinnerRequest$1.class
pt\ulisboa\tecnico\distsys\ttt\PlayRequest.class
pt\ulisboa\tecnico\distsys\ttt\PlayResult.class
pt\ulisboa\tecnico\distsys\ttt\CurrentBoardResponse$1.class
pt\ulisboa\tecnico\distsys\ttt\CurrentBoardResponseOrBuilder.class
pt\ulisboa\tecnico\distsys\ttt\PlayResponse.class
pt\ulisboa\tecnico\distsys\ttt\Tttgame.class
pt\ulisboa\tecnico\distsys\ttt\CheckWinnerResponse$1.class
pt\ulisboa\tecnico\distsys\ttt\CurrentBoardResponse.class
pt\ulisboa\tecnico\distsys\ttt\TTTGrpc$3.class
pt\ulisboa\tecnico\distsys\ttt\InfoRequest$1.class
pt\ulisboa\tecnico\distsys\ttt\TTTGrpc$1.class
pt\ulisboa\tecnico\distsys\ttt\CheckWinnerRequest.class
pt\ulisboa\tecnico\distsys\ttt\InfoRequest$Builder.class
pt\ulisboa\tecnico\distsys\ttt\PlayResponse$1.class
pt\ulisboa\tecnico\distsys\ttt\CurrentBoardResponse$Builder.class
pt\ulisboa\tecnico\distsys\ttt\CheckWinnerResponseOrBuilder.class
pt\ulisboa\tecnico\distsys\ttt\InfoResponseOrBuilder.class
pt\ulisboa\tecnico\distsys\ttt\TTTGrpc$TTTBaseDescriptorSupplier.class
pt\ulisboa\tecnico\distsys\ttt\CurrentBoardRequest$1.class
pt\ulisboa\tecnico\distsys\ttt\PlayRequest$1.class
pt\ulisboa\tecnico\distsys\ttt\PlayResponse$Builder.class
pt\ulisboa\tecnico\distsys\ttt\CheckWinnerRequestOrBuilder.class
pt\ulisboa\tecnico\distsys\ttt\TTTGrpc$TTTStub.class
pt\ulisboa\tecnico\distsys\ttt\PlayRequestOrBuilder.class
pt\ulisboa\tecnico\distsys\ttt\TTTGrpc$TTTBlockingStub.class
pt\ulisboa\tecnico\distsys\ttt\CurrentBoardRequestOrBuilder.class
pt\ulisboa\tecnico\distsys\ttt\TTTGrpc$TTTFutureStub.class
pt\ulisboa\tecnico\distsys\ttt\InfoRequest.class
pt\ulisboa\tecnico\distsys\ttt\CheckWinnerResponse$Builder.class
pt\ulisboa\tecnico\distsys\ttt\InfoResponse$Builder.class
pt\ulisboa\tecnico\distsys\ttt\PlayResult$1.class
